// Jest Snapshot v1, https://goo.gl/fbAQLP

exports[`chuck norris server joke api should return 200 1`] = `
{
  "categories": [
    "test",
  ],
  "createdAt": "2020-01-05 13:42:24.142371",
  "id": "_tIdfTO3QxCuazpQYiVNYQ",
  "joke": "Chuck Norris mock test.",
}
`;
